---- 2026-07-28 18:40:11 ----
session produced no output
  command: bash
  cwd asked for: ""
  ending: bash exited
  (this host keeps no account of how it built the session)
---- 2026-07-28 18:40:11 ----
session produced no output
  command: bash
  cwd asked for: ""
  ending: bash exited
  (this host keeps no account of how it built the session)
---- 2026-07-28 18:41:05 ----
session produced no output
  command: bash
  cwd asked for: ""
  ending: bash exited
  (this host keeps no account of how it built the session)
---- 2026-07-28 18:41:05 ----
session produced no output
  command: bash
  cwd asked for: ""
  ending: bash exited
  (this host keeps no account of how it built the session)
